title: NutritionFacts.org
copyright: null
description: 'The Latest in Nutrition Research'
feedUrl: 'https://nutritionfacts.org/feed/'
id: 'https://nutritionfacts.org'
language: en-US
url: 'https://nutritionfacts.org'
