title: 'Comments for JROCK NEWS'
description: 'Japanese Rock Music & Visual Kei News'
feedUrl: 'https://jrocknews.com/comments/feed'
id: 'https://jrocknews.com'
language: null
url: 'https://jrocknews.com'
