{"title":"Comments for blog :: Brent -> [String]","description":null,"feedUrl":"https:\/\/byorgey.wordpress.com\/comments\/feed\/","id":"https:\/\/byorgey.wordpress.com","language":null,"url":"https:\/\/byorgey.wordpress.com"}