title: 'Trekcast – Der Star Trek Podcast'
copyright: 'Copyright © Trekcast 2012-2015'
description: 'Der Podcast des Deutschen StarTrek-Index (DSi) zu Star Trek'
feedUrl: 'https://www.startrek-index.de/trekcast/feed/atom/'
id: 'https://www.startrek-index.de/trekcast/feed/atom/'
language: de-DE
url: 'https://www.startrek-index.de/trekcast'
