title: 'Trekcast – Der Star Trek Podcast'
copyright: 'Copyright © Trekcast 2012-2015 '
description: 'Der Audiopodcast des Deutschen StarTrek-Index (DSi) zu Star Trek TNG auf Blu-ray - Die drei Star Trek-Experten Yann-Patrick Schlame, Thorsten Kroke und Malte Kirchner diskutieren in loser Folge die Neuerscheinungen und viele andere spannende Aspekte rund um die Lieblingsserie vieler Fans.'
feedUrl: 'https://www.startrek-index.de/trekcast/feed/podcast'
id: 'https://www.startrek-index.de/trekcast'
language: de-DE
url: 'https://www.startrek-index.de/trekcast'
