title: 'Nutrition Facts with Dr. Greger'
copyright: '© 2018 NutritionFacts.org - All Rights Reserved'
description: 'Have you ever wondered if there’s a natural way to lower your high blood pressure, guard against Alzheimers, lose weight, and feel better? Well as it turns out there is. Michael Greger, M.D. FACLM, founder of NutritionFacts.org, and author of the instant New York Times bestseller “How Not to Die” celebrates evidence-based nutrition to add years to our life and life to our years.'
feedUrl: 'https://nutritionfacts.org/audio/feed/podcast'
id: 'https://nutritionfacts.org'
language: en-US
url: 'https://nutritionfacts.org'
