title: 22places
description: 'Reisetipps und Reisefotografie'
feedUrl: null
id: 'https://www.22places.de'
language: null
url: 'https://www.22places.de'
