title: 'Echo JS'
copyright: null
description: 'Description pending'
feedUrl: null
id: 'http://www.echojs.com'
language: null
url: 'http://www.echojs.com'
