title: 'Unknown Worlds'
copyright: null
description: 'Unknown Worlds'
feedUrl: 'https://unknownworlds.com/feed/'
id: 'https://unknownworlds.com'
language: en-US
url: 'https://unknownworlds.com'
