-
    title: 'Tailwind CSS Blog'
    description: 'All the latest Tailwind CSS news, straight from the team.'
    feedUrl: 'https://tailwindcss.com/feeds/feed.xml'
    id: 'https://tailwindcss.com/blog'
    language: en
    url: 'https://tailwindcss.com/blog'
-
    title: 'Tailwind CSS Blog'
    description: 'All the latest Tailwind CSS news, straight from the team.'
    feedUrl: 'https://tailwindcss.com/feeds/atom.xml'
    id: 'https://tailwindcss.com/blog'
    language: null
    url: 'https://tailwindcss.com/blog'
