{"title":"Anime2You","description":"T\u00e4glich aktuelle Anime-News","feedUrl":"https:\/\/www.anime2you.de\/feed\/","id":"https:\/\/www.anime2you.de\/","language":"de-DE","url":"https:\/\/www.anime2you.de\/"}