title: Anime2You
description: 'your anime-news source'
feedUrl: 'https://www.anime2you.de/feed/'
id: 'https://www.anime2you.de'
language: de-DE
url: 'https://www.anime2you.de'
