title: 'Kommentare für Trekcast – Der Star Trek Podcast'
copyright: null
description: 'Der Podcast des Deutschen StarTrek-Index (DSi) zu Star Trek'
feedUrl: 'https://www.startrek-index.de/trekcast/comments/feed/'
id: 'https://www.startrek-index.de/trekcast'
language: null
url: 'https://www.startrek-index.de/trekcast'
