title: 'Comments on: Unknown Worlds home page'
copyright: null
description: 'Unknown Worlds'
feedUrl: 'https://unknownworlds.com/homepage-2/feed/'
id: 'https://unknownworlds.com'
language: null
url: 'https://unknownworlds.com'
