title: Shiroku
description: 'Der offizielle Blog der Solok√ºnstlerin Shiroku.'
feedUrl: null
id: 'tag:blogger.com,1999:blog-7456002711322960081'
language: null
url: 'https://shiroutang.blogspot.com/'
