title: 'PHP.net releases'
description: null
feedUrl: /releases.atom
id: 'http://php.net/releases/index.php'
language: null
url: null
