{"title":"JROCK NEWS","description":"Japanese Rock Music & Visual Kei News","feedUrl":"https:\/\/jrocknews.com\/feed","id":"https:\/\/jrocknews.com\/","language":"en-US","url":"https:\/\/jrocknews.com\/"}