title: 'Kommentare f√ºr Stephan Wiesner Fotografie'
copyright: null
description: 'Fotografieren Lernen'
feedUrl: 'https://www.stephanwiesner.de/blog/comments/feed/'
id: 'https://www.stephanwiesner.de/blog'
language: null
url: 'https://www.stephanwiesner.de/blog'
