title: 'Nutrition Facts with Dr. Greger'
description: 'Have you ever wondered if there’s a natural way to lower your high blood pressure, guard against Alzheimer’s, lose weight, and feel better? Well, as it turns out, there is. Michael Greger, M.D. FACLM, founder of NutritionFacts.org and New York Times best-selling author of How Not to Die, How Not to Diet, and the just-released How Not to Age, uncovers the best evidence-based nutrition that may add years to our life and life to our years.'
feedUrl: 'https://nutritionfacts.org/audio/feed/podcast'
id: 'https://nutritionfacts.org/audio/'
language: en-US
url: 'https://nutritionfacts.org/audio/'
