title: "\nEcho JS\n"
copyright: null
description: 'Description pending'
feedUrl: null
id: "\nhttp://www.echojs.com\n"
language: null
url: "\nhttp://www.echojs.com\n"
