{"title":"ZEIT ONLINE | Nachrichten, News, Hintergr\u00fcnde und Debatten","description":"Aktuelle Nachrichten, Kommentare, Analysen und Hintergrundberichte aus Politik, Wirtschaft, Gesellschaft, Wissen, Kultur und Sport lesen Sie auf ZEIT ONLINE.","feedUrl":"https:\/\/newsfeed.zeit.de\/index","id":"https:\/\/www.zeit.de\/index","language":"de-de","url":"https:\/\/www.zeit.de\/index"}