title: "Grandma's World Of Skyrim"
description: 'This is NOT about a Game. If you don''t know the answer to, "What is Nirn, Tamriel, and Skyrim?" then this isn''t a Blog for you.'
feedUrl: 'https://www.blogger.com/feeds/2146985069025381500/posts/default'
id: 'tag:blogger.com,1999:blog-2146985069025381500'
language: null
url: 'https://grandmatheoldergamer.blogspot.com/'
