title: React
copyright: null
description: 'A JavaScript library for building user interfaces'
feedUrl: null
id: 'https://reactjs.org'
language: null
url: 'https://reactjs.org'
