title: 'blog :: Brent -> [String]'
copyright: null
description: null
feedUrl: 'https://byorgey.wordpress.com/feed/'
id: 'https://byorgey.wordpress.com'
language: en
url: 'https://byorgey.wordpress.com'
