- 'blog :: Brent -> [String]'
- "\n\tComments for blog :: Brent -> [String]\t"
