title: 'Stephan Wiesner Fotografie'
copyright: null
description: 'Fotografieren Lernen'
feedUrl: 'https://www.stephanwiesner.de/blog/feed/'
id: 'https://www.stephanwiesner.de/blog'
language: de-DE
url: 'https://www.stephanwiesner.de/blog'
