title: 'PHP.net news & announcements'
copyright: null
description: null
feedUrl: 'http://www.php.net/feed.atom'
id: 'http://php.net/archive/index.php'
language: null
url: null
