- 'blog :: Brent -> [String]'
- 'Comments for blog :: Brent -> [String]'
