{"title":"NutritionFacts.org Videos","description":"The latest in nutrition-related research delivered in easy to understand video segments brought to you by Michael Greger, M.D. FACLM","feedUrl":"https:\/\/nutritionfacts.org\/feed\/podcast","id":"https:\/\/nutritionfacts.org\/blog\/","language":"en","url":"https:\/\/nutritionfacts.org\/blog\/"}