title: 'PHP Internals News'
description: "This is the 'PHP Internals News' podcast, where we discuss the latest PHP news, implementations, and issues with PHP internals developers and other guests."
feedUrl: 'https://phpinternals.news/feed.rss'
id: 'https://phpinternals.news/feed.rss'
language: en-us
url: 'https://phpinternals.news/feed.rss'
