title: Shiroku
description: 'Der offizielle Blog der Solok√ºnstlerin Shiroku.'
feedUrl: 'https://www.blogger.com/feeds/7456002711322960081/posts/default'
id: 'tag:blogger.com,1999:blog-7456002711322960081'
language: null
url: 'http://shiroutang.blogspot.com/'
