{"checksum":"4dc977f8b15e2715885e612eddfa496d9f74432ac25ee80b14e0f1339ccdaed2","categories":["News","Tech"],"authors":["John Doe","Jane Doe"],"title":"Telekommunikation: Vodafone Deutschland bekommt einen neuen Chef","commentCount":5,"commentFeedLink":null,"commentLink":null,"content":"<img src=\\\"https:\\\/\\\/www.golem.de\\\/2204\\\/164697-323081-323077_rc.jpg\\\" width=\\\"140\\\" height=\\\"140\\\" vspace=\\\"3\\\" hspace=\\\"8\\\" align=\\\"left\\\">Der CEO Hannes Ametsreiter tritt vorzeitig von seinem Chefposten bei Vodafone Deutschland ab. Ihm folgt ein erfahrener Microsoft-Manager. (<a href=\\\"https:\\\/\\\/www.golem.de\\\/specials\\\/vodafone\\\/\\\">Vodafone<\\\/a>, <a href=\\\"https:\\\/\\\/www.golem.de\\\/specials\\\/microsoft\\\/\\\">Microsoft<\\\/a>) <img src=\\\"https:\\\/\\\/cpx.golem.de\\\/cpx.php?class=17&amp;aid=164697&amp;page=1&amp;ts=1650381962\\\" alt=\\\"\\\" width=\\\"1\\\" height=\\\"1\\\" \\\/>","createdAt":"2022-04-19T15:26:02.000000Z","updatedAt":"2022-04-19T15:26:02.000000Z","description":"Der CEO Hannes Ametsreiter tritt vorzeitig von seinem Chefposten bei Vodafone Deutschland ab. Ihm folgt ein erfahrener Microsoft-Manager. (<a href=\\\"https:\\\/\\\/www.golem.de\\\/specials\\\/vodafone\\\/\\\">Vodafone<\\\/a>, <a href=\\\"https:\\\/\\\/www.golem.de\\\/specials\\\/microsoft\\\/\\\">Microsoft<\\\/a>) <img src=\\\"https:\\\/\\\/cpx.golem.de\\\/cpx.php?class=17&amp;aid=164697&amp;page=1&amp;ts=1650381962\\\" alt=\\\"\\\" width=\\\"1\\\" height=\\\"1\\\" \\\/>","enclosureUrl":null,"imageUrls":["https:\\\/\\\/www.golem.de\\\/2204\\\/164697-323081-323077_rc.jpg","https:\\\/\\\/cpx.golem.de\\\/cpx.php?class=17&amp;aid=164697&amp;page=1&amp;ts=1650381962"],"encoding":"ISO-8859-1","id":"https:\\\/\\\/www.golem.de\\\/news\\\/telekommunikation-vodafone-deutschland-bekommt-einen-neuen-chef-2204-164697-rss.html","links":["https:\\\/\\\/www.golem.de\\\/news\\\/telekommunikation-vodafone-deutschland-bekommt-einen-neuen-chef-2204-164697-rss.html"],"permalink":"https:\\\/\\\/www.golem.de\\\/news\\\/telekommunikation-vodafone-deutschland-bekommt-einen-neuen-chef-2204-164697-rss.html","type":"rss-10","xml":"<?xml version=\\\"1.0\\\" encoding=\\\"ISO-8859-1\\\"?>\\n<item xmlns=\\\"http:\\\/\\\/purl.org\\\/rss\\\/1.0\\\/\\\" xmlns:rdf=\\\"http:\\\/\\\/www.w3.org\\\/1999\\\/02\\\/22-rdf-syntax-ns#\\\" xmlns:dc=\\\"http:\\\/\\\/purl.org\\\/dc\\\/elements\\\/1.1\\\/\\\" xmlns:slash=\\\"http:\\\/\\\/purl.org\\\/rss\\\/1.0\\\/modules\\\/slash\\\/\\\" xmlns:content=\\\"http:\\\/\\\/purl.org\\\/rss\\\/1.0\\\/modules\\\/content\\\/\\\" rdf:about=\\\"https:\\\/\\\/www.golem.de\\\/news\\\/telekommunikation-vodafone-deutschland-bekommt-einen-neuen-chef-2204-164697-rss.html\\\">\\n        <dc:format>text\\\/html<\\\/dc:format>\\n        <dc:date>2022-04-19T17:26:02+02:00<\\\/dc:date>\\n        <dc:source>https:\\\/\\\/www.golem.de<\\\/dc:source>\\n        <dc:creator>Oliver Nickel<\\\/dc:creator>\\n        <title>Telekommunikation: Vodafone Deutschland bekommt einen neuen Chef<\\\/title>\\n        <link>https:\\\/\\\/www.golem.de\\\/news\\\/telekommunikation-vodafone-deutschland-bekommt-einen-neuen-chef-2204-164697-rss.html<\\\/link>\\n        <description>Der CEO Hannes Ametsreiter tritt vorzeitig von seinem Chefposten bei Vodafone Deutschland ab. Ihm folgt ein erfahrener Microsoft-Manager. (&lt;a href=\\\"https:\\\/\\\/www.golem.de\\\/specials\\\/vodafone\\\/\\\"&gt;Vodafone&lt;\\\/a&gt;, &lt;a href=\\\"https:\\\/\\\/www.golem.de\\\/specials\\\/microsoft\\\/\\\"&gt;Microsoft&lt;\\\/a&gt;) &lt;img src=\\\"https:\\\/\\\/cpx.golem.de\\\/cpx.php?class=17&amp;amp;aid=164697&amp;amp;page=1&amp;amp;ts=1650381962\\\" alt=\\\"\\\" width=\\\"1\\\" height=\\\"1\\\" \\\/&gt;<\\\/description>\\n        <slash:comments\\\/>\\n        <content:encoded><![CDATA[<img src=\\\"https:\\\/\\\/www.golem.de\\\/2204\\\/164697-323081-323077_rc.jpg\\\" width=\\\"140\\\" height=\\\"140\\\" vspace=\\\"3\\\" hspace=\\\"8\\\" align=\\\"left\\\">Der CEO Hannes Ametsreiter tritt vorzeitig von seinem Chefposten bei Vodafone Deutschland ab. Ihm folgt ein erfahrener Microsoft-Manager. (<a href=\\\"https:\\\/\\\/www.golem.de\\\/specials\\\/vodafone\\\/\\\">Vodafone<\\\/a>, <a href=\\\"https:\\\/\\\/www.golem.de\\\/specials\\\/microsoft\\\/\\\">Microsoft<\\\/a>) <img src=\\\"https:\\\/\\\/cpx.golem.de\\\/cpx.php?class=17&amp;aid=164697&amp;page=1&amp;ts=1650381962\\\" alt=\\\"\\\" width=\\\"1\\\" height=\\\"1\\\" \\\/>]]><\\\/content:encoded>\\n    <\\\/item>"}