title: 'Aktuell - FAZ.NET'
copyright: 'Copyright 2001-2019 Frankfurter Allgemeine Zeitung GmbH. Alle Rechte vorbehalten.'
description: 'News, Nachrichten und aktuelle Meldungen aus allen Ressorts. Politik, Wirtschaft, Sport, Feuilleton und Finanzen im Ãœberblick.'
feedUrl: 'https://www.faz.net/rss/aktuell/'
id: 'https://www.faz.net/aktuell/'
language: de-de
url: 'https://www.faz.net/aktuell/'
