title: 'Videos â€“ NutritionFacts.org'
copyright: null
description: 'The Latest in Nutrition Research'
feedUrl: 'https://nutritionfacts.org/feed/?post_type=video'
id: 'https://nutritionfacts.org'
language: en-US
url: 'https://nutritionfacts.org'
