title: 'Politik - WELT'
description: 'Politik - Aktuelle Nachrichten von WELT'
feedUrl: null
id: 'https://www.welt.de/feeds/section/politik.rss'
language: de
url: 'https://www.welt.de/feeds/section/politik.rss'
